c:\users\2240705\desktop\project-platformer\obj\x64\debug\debugrenderer.obj
c:\users\2240705\desktop\project-platformer\obj\x64\debug\scenegame.obj
c:\users\2240705\desktop\project-platformer\obj\x64\debug\imgui_demo.obj
c:\users\2240705\desktop\project-platformer\obj\x64\debug\imguirenderer.obj
c:\users\2240705\desktop\project-platformer\obj\x64\debug\audioresource.obj
c:\users\2240705\desktop\project-platformer\obj\x64\debug\mouse.obj
c:\users\2240705\desktop\project-platformer\obj\x64\debug\player.obj
c:\users\2240705\desktop\project-platformer\obj\x64\debug\audiosource.obj
c:\users\2240705\desktop\project-platformer\obj\x64\debug\input.obj
c:\users\2240705\desktop\project-platformer\obj\x64\debug\main.obj
c:\users\2240705\desktop\project-platformer\obj\x64\debug\imgui_widgets.obj
c:\users\2240705\desktop\project-platformer\obj\x64\debug\modelresource.obj
c:\users\2240705\desktop\project-platformer\obj\x64\debug\wictextureloader.obj
c:\users\2240705\desktop\project-platformer\obj\x64\debug\level_loader.obj
c:\users\2240705\desktop\project-platformer\obj\x64\debug\camera_controller.obj
c:\users\2240705\desktop\project-platformer\obj\x64\debug\leveleditortools.obj
c:\users\2240705\desktop\project-platformer\obj\x64\debug\camera.obj
c:\users\2240705\desktop\project-platformer\obj\x64\debug\model.obj
c:\users\2240705\desktop\project-platformer\obj\x64\debug\audio.obj
c:\users\2240705\desktop\project-platformer\obj\x64\debug\gamepad.obj
c:\users\2240705\desktop\project-platformer\obj\x64\debug\logger.obj
c:\users\2240705\desktop\project-platformer\obj\x64\debug\geometry.obj
c:\users\2240705\desktop\project-platformer\obj\x64\debug\stage.obj
c:\users\2240705\desktop\project-platformer\obj\x64\debug\imgui_draw.obj
c:\users\2240705\desktop\project-platformer\obj\x64\debug\lambertshader.obj
c:\users\2240705\desktop\project-platformer\obj\x64\debug\imgui.obj
c:\users\2240705\desktop\project-platformer\obj\x64\debug\sprite.obj
c:\users\2240705\desktop\project-platformer\obj\x64\debug\graphics.obj
c:\users\2240705\desktop\project-platformer\obj\x64\debug\character.obj
c:\users\2240705\desktop\project-platformer\obj\x64\debug\linerenderer.obj
c:\users\2240705\desktop\project-platformer\obj\x64\debug\framework.obj
c:\users\2240705\desktop\project-platformer\obj\x64\debug\aabbchecker.obj
c:\users\2240705\desktop\project-platformer\obj\x64\debug\terrain_material.obj
c:\users\2240705\desktop\project-platformer\obj\x64\debug\vc143.pdb
c:\users\2240705\desktop\project-platformer\shader\debugps.cod
c:\users\2240705\desktop\project-platformer\shader\debugps.cso
c:\users\2240705\desktop\project-platformer\shader\debugvs.cod
c:\users\2240705\desktop\project-platformer\shader\debugvs.cso
c:\users\2240705\desktop\project-platformer\shader\imguips.cod
c:\users\2240705\desktop\project-platformer\shader\imguips.cso
c:\users\2240705\desktop\project-platformer\shader\imguivs.cod
c:\users\2240705\desktop\project-platformer\shader\imguivs.cso
c:\users\2240705\desktop\project-platformer\shader\lambertps.cod
c:\users\2240705\desktop\project-platformer\shader\lambertps.cso
c:\users\2240705\desktop\project-platformer\shader\lambertvs.cod
c:\users\2240705\desktop\project-platformer\shader\lambertvs.cso
c:\users\2240705\desktop\project-platformer\shader\lineps.cod
c:\users\2240705\desktop\project-platformer\shader\lineps.cso
c:\users\2240705\desktop\project-platformer\shader\linevs.cod
c:\users\2240705\desktop\project-platformer\shader\linevs.cso
c:\users\2240705\desktop\project-platformer\shader\spriteps.cod
c:\users\2240705\desktop\project-platformer\shader\spriteps.cso
c:\users\2240705\desktop\project-platformer\shader\spritevs.cod
c:\users\2240705\desktop\project-platformer\shader\spritevs.cso
c:\users\2240705\desktop\project-platformer\bin\x64\debug\game.exe
c:\users\2240705\desktop\project-platformer\bin\x64\debug\game.pdb
c:\users\2240705\desktop\project-platformer\bin\x64\debug\game.lib
c:\users\2240705\desktop\project-platformer\bin\x64\debug\game.exp
c:\users\2240705\desktop\project-platformer\obj\x64\debug\game.ilk
c:\users\2240705\desktop\project-platformer\obj\x64\debug\vc143.idb
c:\users\2240705\desktop\project-platformer\obj\x64\debug\game.tlog\cl.16232.write.1.tlog
c:\users\2240705\desktop\project-platformer\obj\x64\debug\game.tlog\cl.command.1.tlog
c:\users\2240705\desktop\project-platformer\obj\x64\debug\game.tlog\cl.items.tlog
c:\users\2240705\desktop\project-platformer\obj\x64\debug\game.tlog\cl.read.1.tlog
c:\users\2240705\desktop\project-platformer\obj\x64\debug\game.tlog\fxc.command.1.tlog
c:\users\2240705\desktop\project-platformer\obj\x64\debug\game.tlog\fxc.read.1.tlog
c:\users\2240705\desktop\project-platformer\obj\x64\debug\game.tlog\fxc.write.1.tlog
c:\users\2240705\desktop\project-platformer\obj\x64\debug\game.tlog\link.command.1.tlog
c:\users\2240705\desktop\project-platformer\obj\x64\debug\game.tlog\link.read.1.tlog
c:\users\2240705\desktop\project-platformer\obj\x64\debug\game.tlog\link.secondary.1.tlog
c:\users\2240705\desktop\project-platformer\obj\x64\debug\game.tlog\link.write.1.tlog
