c:\users\2240705\desktop\project-platformer\obj\x64\release\wictextureloader.obj
c:\users\2240705\desktop\project-platformer\obj\x64\release\character.obj
c:\users\2240705\desktop\project-platformer\obj\x64\release\input.obj
c:\users\2240705\desktop\project-platformer\obj\x64\release\stage.obj
c:\users\2240705\desktop\project-platformer\obj\x64\release\framework.obj
c:\users\2240705\desktop\project-platformer\obj\x64\release\imguirenderer.obj
c:\users\2240705\desktop\project-platformer\obj\x64\release\imgui.obj
c:\users\2240705\desktop\project-platformer\obj\x64\release\mouse.obj
c:\users\2240705\desktop\project-platformer\obj\x64\release\linerenderer.obj
c:\users\2240705\desktop\project-platformer\obj\x64\release\imgui_widgets.obj
c:\users\2240705\desktop\project-platformer\obj\x64\release\gamepad.obj
c:\users\2240705\desktop\project-platformer\obj\x64\release\scenegame.obj
c:\users\2240705\desktop\project-platformer\obj\x64\release\audio.obj
c:\users\2240705\desktop\project-platformer\obj\x64\release\main.obj
c:\users\2240705\desktop\project-platformer\obj\x64\release\audioresource.obj
c:\users\2240705\desktop\project-platformer\obj\x64\release\level_loader.obj
c:\users\2240705\desktop\project-platformer\obj\x64\release\imgui_demo.obj
c:\users\2240705\desktop\project-platformer\obj\x64\release\modelresource.obj
c:\users\2240705\desktop\project-platformer\obj\x64\release\graphics.obj
c:\users\2240705\desktop\project-platformer\obj\x64\release\imgui_draw.obj
c:\users\2240705\desktop\project-platformer\obj\x64\release\sprite.obj
c:\users\2240705\desktop\project-platformer\obj\x64\release\camera.obj
c:\users\2240705\desktop\project-platformer\obj\x64\release\model.obj
c:\users\2240705\desktop\project-platformer\obj\x64\release\lambertshader.obj
c:\users\2240705\desktop\project-platformer\obj\x64\release\debugrenderer.obj
c:\users\2240705\desktop\project-platformer\obj\x64\release\audiosource.obj
c:\users\2240705\desktop\project-platformer\obj\x64\release\logger.obj
c:\users\2240705\desktop\project-platformer\obj\x64\release\vc143.pdb
c:\users\2240705\desktop\project-platformer\obj\x64\release\camera_controller.obj
c:\users\2240705\desktop\project-platformer\obj\x64\release\player.obj
c:\users\2240705\desktop\project-platformer\shader\debugps.cod
c:\users\2240705\desktop\project-platformer\shader\debugps.cso
c:\users\2240705\desktop\project-platformer\shader\debugvs.cod
c:\users\2240705\desktop\project-platformer\shader\debugvs.cso
c:\users\2240705\desktop\project-platformer\shader\imguips.cod
c:\users\2240705\desktop\project-platformer\shader\imguips.cso
c:\users\2240705\desktop\project-platformer\shader\imguivs.cod
c:\users\2240705\desktop\project-platformer\shader\imguivs.cso
c:\users\2240705\desktop\project-platformer\shader\lambertps.cod
c:\users\2240705\desktop\project-platformer\shader\lambertps.cso
c:\users\2240705\desktop\project-platformer\shader\lambertvs.cod
c:\users\2240705\desktop\project-platformer\shader\lambertvs.cso
c:\users\2240705\desktop\project-platformer\shader\lineps.cod
c:\users\2240705\desktop\project-platformer\shader\lineps.cso
c:\users\2240705\desktop\project-platformer\shader\linevs.cod
c:\users\2240705\desktop\project-platformer\shader\linevs.cso
c:\users\2240705\desktop\project-platformer\shader\spriteps.cod
c:\users\2240705\desktop\project-platformer\shader\spriteps.cso
c:\users\2240705\desktop\project-platformer\shader\spritevs.cod
c:\users\2240705\desktop\project-platformer\shader\spritevs.cso
c:\users\2240705\desktop\project-platformer\bin\x64\release\game.exe
c:\users\2240705\desktop\project-platformer\bin\x64\release\game.pdb
c:\users\2240705\desktop\project-platformer\bin\x64\release\game.lib
c:\users\2240705\desktop\project-platformer\bin\x64\release\game.exp
c:\users\2240705\desktop\project-platformer\obj\x64\release\game.ipdb
c:\users\2240705\desktop\project-platformer\obj\x64\release\game.iobj
c:\users\2240705\desktop\project-platformer\obj\x64\release\game.tlog\cl.command.1.tlog
c:\users\2240705\desktop\project-platformer\obj\x64\release\game.tlog\cl.items.tlog
c:\users\2240705\desktop\project-platformer\obj\x64\release\game.tlog\cl.read.1.tlog
c:\users\2240705\desktop\project-platformer\obj\x64\release\game.tlog\cl.write.1.tlog
c:\users\2240705\desktop\project-platformer\obj\x64\release\game.tlog\fxc.command.1.tlog
c:\users\2240705\desktop\project-platformer\obj\x64\release\game.tlog\fxc.read.1.tlog
c:\users\2240705\desktop\project-platformer\obj\x64\release\game.tlog\fxc.write.1.tlog
c:\users\2240705\desktop\project-platformer\obj\x64\release\game.tlog\link.command.1.tlog
c:\users\2240705\desktop\project-platformer\obj\x64\release\game.tlog\link.read.1.tlog
c:\users\2240705\desktop\project-platformer\obj\x64\release\game.tlog\link.secondary.1.tlog
c:\users\2240705\desktop\project-platformer\obj\x64\release\game.tlog\link.write.1.tlog
